// Jest Snapshot v1, https://goo.gl/fbAQLP

exports[`Tooltip component renders correctly when not hovered 1`] = `
<div>
  <div
    class="css-h0bkxn-Tooltip"
    tabindex="1"
  >
    <div
      id="test"
      style="width: 100px; height: 100px;"
    />
  </div>
</div>
`;
