// Jest Snapshot v1, https://goo.gl/fbAQLP

exports[`Badge component should match snapshot 1`] = `
<div>
  <div
    class="css-opfat8-Badge"
  >
    1
  </div>
</div>
`;
