// Jest Snapshot v1, https://goo.gl/fbAQLP

exports[`Avatar component should match snapshot 1`] = `
<div>
  <div
    class="css-1tvgq5r-Avatar"
  >
    <img
      class="css-xrh3x4-Avatar"
      src="https://avatars.dicebear.com/api/jdenticon/default.svg"
    />
  </div>
</div>
`;
