// Jest Snapshot v1, https://goo.gl/fbAQLP

exports[`ToastContext should match snapshot 1`] = `
Object {
  "$$typeof": Symbol(react.context),
  "Consumer": Object {
    "$$typeof": Symbol(react.context),
    "_calculateChangedBits": null,
    "_context": [Circular],
  },
  "Provider": Object {
    "$$typeof": Symbol(react.provider),
    "_context": [Circular],
  },
  "_calculateChangedBits": null,
  "_currentRenderer": null,
  "_currentRenderer2": null,
  "_currentValue": Object {
    "close": [Function],
    "closeAll": [Function],
    "error": [Function],
    "info": [Function],
    "open": [Function],
    "success": [Function],
    "toasts": Array [],
    "warning": [Function],
  },
  "_currentValue2": Object {
    "close": [Function],
    "closeAll": [Function],
    "error": [Function],
    "info": [Function],
    "open": [Function],
    "success": [Function],
    "toasts": Array [],
    "warning": [Function],
  },
  "_threadCount": 0,
}
`;
