// Jest Snapshot v1, https://goo.gl/fbAQLP

exports[`Theme component should merge themes but not dangerous keys 1`] = `
<div>
  <div />
</div>
`;
